package configuration for libffi is not found
have_header: checking for ffi.h... -------------------- no

"clang -fdeclspec -o conftest -I/usr/local/Cellar/ruby/3.0.3/include/ruby-3.0.0/x86_64-darwin20 -I/usr/local/Cellar/ruby/3.0.3/include/ruby-3.0.0/ruby/backward -I/usr/local/Cellar/ruby/3.0.3/include/ruby-3.0.0 -I.  -I/usr/local/opt/libyaml/include -I/usr/local/opt/openssl@1.1/include -I/usr/local/opt/readline/include -D_XOPEN_SOURCE -D_DARWIN_C_SOURCE -D_DARWIN_UNLIMITED_SELECT -D_REENTRANT   -Wno-implicit-function-declaration conftest.c  -L. -L/usr/local/Cellar/ruby/3.0.3/lib -L/usr/local/opt/libyaml/lib -L/usr/local/opt/openssl@1.1/lib -L/usr/local/opt/readline/lib -L. -fstack-protector-strong -L/usr/local/lib -L/usr/local/opt/libyaml/lib -L/usr/local/opt/openssl@1.1/lib -L/usr/local/opt/readline/lib     -lruby.3.0   "
checked program was:
/* begin */
1: #include "ruby.h"
2: 
3: int main(int argc, char **argv)
4: {
5:   return !!argv[argc];
6: }
/* end */

"clang -E -I/usr/local/Cellar/ruby/3.0.3/include/ruby-3.0.0/x86_64-darwin20 -I/usr/local/Cellar/ruby/3.0.3/include/ruby-3.0.0/ruby/backward -I/usr/local/Cellar/ruby/3.0.3/include/ruby-3.0.0 -I.  -I/usr/local/opt/libyaml/include -I/usr/local/opt/openssl@1.1/include -I/usr/local/opt/readline/include -D_XOPEN_SOURCE -D_DARWIN_C_SOURCE -D_DARWIN_UNLIMITED_SELECT -D_REENTRANT   -Wno-implicit-function-declaration  conftest.c -o conftest.i"
conftest.c:3:10: fatal error: 'ffi.h' file not found
#include <ffi.h>
         ^~~~~~~
1 error generated.
checked program was:
/* begin */
1: #include "ruby.h"
2: 
3: #include <ffi.h>
/* end */

--------------------

find_header: checking for ffi.h in /usr/local/include,/usr/include/ffi... -------------------- no

"clang -E -I/usr/local/Cellar/ruby/3.0.3/include/ruby-3.0.0/x86_64-darwin20 -I/usr/local/Cellar/ruby/3.0.3/include/ruby-3.0.0/ruby/backward -I/usr/local/Cellar/ruby/3.0.3/include/ruby-3.0.0 -I.  -I/usr/local/opt/libyaml/include -I/usr/local/opt/openssl@1.1/include -I/usr/local/opt/readline/include -D_XOPEN_SOURCE -D_DARWIN_C_SOURCE -D_DARWIN_UNLIMITED_SELECT -D_REENTRANT   -Wno-implicit-function-declaration  conftest.c -o conftest.i"
conftest.c:3:10: fatal error: 'ffi.h' file not found
#include <ffi.h>
         ^~~~~~~
1 error generated.
checked program was:
/* begin */
1: #include "ruby.h"
2: 
3: #include <ffi.h>
/* end */

"clang -E -I/usr/local/Cellar/ruby/3.0.3/include/ruby-3.0.0/x86_64-darwin20 -I/usr/local/Cellar/ruby/3.0.3/include/ruby-3.0.0/ruby/backward -I/usr/local/Cellar/ruby/3.0.3/include/ruby-3.0.0 -I.  -I/usr/local/opt/libyaml/include -I/usr/local/opt/openssl@1.1/include -I/usr/local/opt/readline/include -D_XOPEN_SOURCE -D_DARWIN_C_SOURCE -D_DARWIN_UNLIMITED_SELECT -D_REENTRANT   -Wno-implicit-function-declaration -I/usr/local/include conftest.c -o conftest.i"
conftest.c:3:10: fatal error: 'ffi.h' file not found
#include <ffi.h>
         ^~~~~~~
1 error generated.
checked program was:
/* begin */
1: #include "ruby.h"
2: 
3: #include <ffi.h>
/* end */

"clang -E -I/usr/local/Cellar/ruby/3.0.3/include/ruby-3.0.0/x86_64-darwin20 -I/usr/local/Cellar/ruby/3.0.3/include/ruby-3.0.0/ruby/backward -I/usr/local/Cellar/ruby/3.0.3/include/ruby-3.0.0 -I.  -I/usr/local/opt/libyaml/include -I/usr/local/opt/openssl@1.1/include -I/usr/local/opt/readline/include -D_XOPEN_SOURCE -D_DARWIN_C_SOURCE -D_DARWIN_UNLIMITED_SELECT -D_REENTRANT   -Wno-implicit-function-declaration -I/usr/include/ffi conftest.c -o conftest.i"
conftest.c:3:10: fatal error: 'ffi.h' file not found
#include <ffi.h>
         ^~~~~~~
1 error generated.
checked program was:
/* begin */
1: #include "ruby.h"
2: 
3: #include <ffi.h>
/* end */

--------------------

have_header: checking for shlwapi.h... -------------------- no

"clang -E -I/usr/local/Cellar/ruby/3.0.3/include/ruby-3.0.0/x86_64-darwin20 -I/usr/local/Cellar/ruby/3.0.3/include/ruby-3.0.0/ruby/backward -I/usr/local/Cellar/ruby/3.0.3/include/ruby-3.0.0 -I.  -I/usr/local/opt/libyaml/include -I/usr/local/opt/openssl@1.1/include -I/usr/local/opt/readline/include -D_XOPEN_SOURCE -D_DARWIN_C_SOURCE -D_DARWIN_UNLIMITED_SELECT -D_REENTRANT   -Wno-implicit-function-declaration  conftest.c -o conftest.i"
conftest.c:3:10: fatal error: 'shlwapi.h' file not found
#include <shlwapi.h>
         ^~~~~~~~~~~
1 error generated.
checked program was:
/* begin */
1: #include "ruby.h"
2: 
3: #include <shlwapi.h>
/* end */

--------------------

have_func: checking for rb_thread_blocking_region()... -------------------- no

"clang -fdeclspec -o conftest -I/usr/local/Cellar/ruby/3.0.3/include/ruby-3.0.0/x86_64-darwin20 -I/usr/local/Cellar/ruby/3.0.3/include/ruby-3.0.0/ruby/backward -I/usr/local/Cellar/ruby/3.0.3/include/ruby-3.0.0 -I.  -I/usr/local/opt/libyaml/include -I/usr/local/opt/openssl@1.1/include -I/usr/local/opt/readline/include -D_XOPEN_SOURCE -D_DARWIN_C_SOURCE -D_DARWIN_UNLIMITED_SELECT -D_REENTRANT   -Wno-implicit-function-declaration conftest.c  -L. -L/usr/local/Cellar/ruby/3.0.3/lib -L/usr/local/opt/libyaml/lib -L/usr/local/opt/openssl@1.1/lib -L/usr/local/opt/readline/lib -L. -fstack-protector-strong -L/usr/local/lib -L/usr/local/opt/libyaml/lib -L/usr/local/opt/openssl@1.1/lib -L/usr/local/opt/readline/lib     -lruby.3.0   "
conftest.c:14:57: error: use of undeclared identifier 'rb_thread_blocking_region'
int t(void) { void ((*volatile p)()); p = (void ((*)()))rb_thread_blocking_region; return !p; }
                                                        ^
1 error generated.
checked program was:
/* begin */
 1: #include "ruby.h"
 2: 
 3: /*top*/
 4: extern int t(void);
 5: int main(int argc, char **argv)
 6: {
 7:   if (argc > 1000000) {
 8:     int (* volatile tp)(void)=(int (*)(void))&t;
 9:     printf("%d", (*tp)());
10:   }
11: 
12:   return !!argv[argc];
13: }
14: int t(void) { void ((*volatile p)()); p = (void ((*)()))rb_thread_blocking_region; return !p; }
/* end */

"clang -fdeclspec -o conftest -I/usr/local/Cellar/ruby/3.0.3/include/ruby-3.0.0/x86_64-darwin20 -I/usr/local/Cellar/ruby/3.0.3/include/ruby-3.0.0/ruby/backward -I/usr/local/Cellar/ruby/3.0.3/include/ruby-3.0.0 -I.  -I/usr/local/opt/libyaml/include -I/usr/local/opt/openssl@1.1/include -I/usr/local/opt/readline/include -D_XOPEN_SOURCE -D_DARWIN_C_SOURCE -D_DARWIN_UNLIMITED_SELECT -D_REENTRANT   -Wno-implicit-function-declaration conftest.c  -L. -L/usr/local/Cellar/ruby/3.0.3/lib -L/usr/local/opt/libyaml/lib -L/usr/local/opt/openssl@1.1/lib -L/usr/local/opt/readline/lib -L. -fstack-protector-strong -L/usr/local/lib -L/usr/local/opt/libyaml/lib -L/usr/local/opt/openssl@1.1/lib -L/usr/local/opt/readline/lib     -lruby.3.0   "
Undefined symbols for architecture x86_64:
  "_rb_thread_blocking_region", referenced from:
      _t in conftest-13e85c.o
ld: symbol(s) not found for architecture x86_64
clang: error: linker command failed with exit code 1 (use -v to see invocation)
checked program was:
/* begin */
 1: #include "ruby.h"
 2: 
 3: /*top*/
 4: extern int t(void);
 5: int main(int argc, char **argv)
 6: {
 7:   if (argc > 1000000) {
 8:     int (* volatile tp)(void)=(int (*)(void))&t;
 9:     printf("%d", (*tp)());
10:   }
11: 
12:   return !!argv[argc];
13: }
14: extern void rb_thread_blocking_region();
15: int t(void) { rb_thread_blocking_region(); return 0; }
/* end */

--------------------

have_func: checking for rb_thread_call_with_gvl()... -------------------- yes

"clang -fdeclspec -o conftest -I/usr/local/Cellar/ruby/3.0.3/include/ruby-3.0.0/x86_64-darwin20 -I/usr/local/Cellar/ruby/3.0.3/include/ruby-3.0.0/ruby/backward -I/usr/local/Cellar/ruby/3.0.3/include/ruby-3.0.0 -I.  -I/usr/local/opt/libyaml/include -I/usr/local/opt/openssl@1.1/include -I/usr/local/opt/readline/include -D_XOPEN_SOURCE -D_DARWIN_C_SOURCE -D_DARWIN_UNLIMITED_SELECT -D_REENTRANT   -Wno-implicit-function-declaration conftest.c  -L. -L/usr/local/Cellar/ruby/3.0.3/lib -L/usr/local/opt/libyaml/lib -L/usr/local/opt/openssl@1.1/lib -L/usr/local/opt/readline/lib -L. -fstack-protector-strong -L/usr/local/lib -L/usr/local/opt/libyaml/lib -L/usr/local/opt/openssl@1.1/lib -L/usr/local/opt/readline/lib     -lruby.3.0   "
conftest.c:14:57: error: use of undeclared identifier 'rb_thread_call_with_gvl'
int t(void) { void ((*volatile p)()); p = (void ((*)()))rb_thread_call_with_gvl; return !p; }
                                                        ^
1 error generated.
checked program was:
/* begin */
 1: #include "ruby.h"
 2: 
 3: /*top*/
 4: extern int t(void);
 5: int main(int argc, char **argv)
 6: {
 7:   if (argc > 1000000) {
 8:     int (* volatile tp)(void)=(int (*)(void))&t;
 9:     printf("%d", (*tp)());
10:   }
11: 
12:   return !!argv[argc];
13: }
14: int t(void) { void ((*volatile p)()); p = (void ((*)()))rb_thread_call_with_gvl; return !p; }
/* end */

"clang -fdeclspec -o conftest -I/usr/local/Cellar/ruby/3.0.3/include/ruby-3.0.0/x86_64-darwin20 -I/usr/local/Cellar/ruby/3.0.3/include/ruby-3.0.0/ruby/backward -I/usr/local/Cellar/ruby/3.0.3/include/ruby-3.0.0 -I.  -I/usr/local/opt/libyaml/include -I/usr/local/opt/openssl@1.1/include -I/usr/local/opt/readline/include -D_XOPEN_SOURCE -D_DARWIN_C_SOURCE -D_DARWIN_UNLIMITED_SELECT -D_REENTRANT   -Wno-implicit-function-declaration conftest.c  -L. -L/usr/local/Cellar/ruby/3.0.3/lib -L/usr/local/opt/libyaml/lib -L/usr/local/opt/openssl@1.1/lib -L/usr/local/opt/readline/lib -L. -fstack-protector-strong -L/usr/local/lib -L/usr/local/opt/libyaml/lib -L/usr/local/opt/openssl@1.1/lib -L/usr/local/opt/readline/lib     -lruby.3.0   "
checked program was:
/* begin */
 1: #include "ruby.h"
 2: 
 3: /*top*/
 4: extern int t(void);
 5: int main(int argc, char **argv)
 6: {
 7:   if (argc > 1000000) {
 8:     int (* volatile tp)(void)=(int (*)(void))&t;
 9:     printf("%d", (*tp)());
10:   }
11: 
12:   return !!argv[argc];
13: }
14: extern void rb_thread_call_with_gvl();
15: int t(void) { rb_thread_call_with_gvl(); return 0; }
/* end */

--------------------

have_func: checking for rb_thread_call_without_gvl()... -------------------- yes

"clang -fdeclspec -o conftest -I/usr/local/Cellar/ruby/3.0.3/include/ruby-3.0.0/x86_64-darwin20 -I/usr/local/Cellar/ruby/3.0.3/include/ruby-3.0.0/ruby/backward -I/usr/local/Cellar/ruby/3.0.3/include/ruby-3.0.0 -I.  -I/usr/local/opt/libyaml/include -I/usr/local/opt/openssl@1.1/include -I/usr/local/opt/readline/include -D_XOPEN_SOURCE -D_DARWIN_C_SOURCE -D_DARWIN_UNLIMITED_SELECT -D_REENTRANT   -Wno-implicit-function-declaration conftest.c  -L. -L/usr/local/Cellar/ruby/3.0.3/lib -L/usr/local/opt/libyaml/lib -L/usr/local/opt/openssl@1.1/lib -L/usr/local/opt/readline/lib -L. -fstack-protector-strong -L/usr/local/lib -L/usr/local/opt/libyaml/lib -L/usr/local/opt/openssl@1.1/lib -L/usr/local/opt/readline/lib     -lruby.3.0   "
conftest.c:14:57: error: use of undeclared identifier 'rb_thread_call_without_gvl'
int t(void) { void ((*volatile p)()); p = (void ((*)()))rb_thread_call_without_gvl; return !p; }
                                                        ^
1 error generated.
checked program was:
/* begin */
 1: #include "ruby.h"
 2: 
 3: /*top*/
 4: extern int t(void);
 5: int main(int argc, char **argv)
 6: {
 7:   if (argc > 1000000) {
 8:     int (* volatile tp)(void)=(int (*)(void))&t;
 9:     printf("%d", (*tp)());
10:   }
11: 
12:   return !!argv[argc];
13: }
14: int t(void) { void ((*volatile p)()); p = (void ((*)()))rb_thread_call_without_gvl; return !p; }
/* end */

"clang -fdeclspec -o conftest -I/usr/local/Cellar/ruby/3.0.3/include/ruby-3.0.0/x86_64-darwin20 -I/usr/local/Cellar/ruby/3.0.3/include/ruby-3.0.0/ruby/backward -I/usr/local/Cellar/ruby/3.0.3/include/ruby-3.0.0 -I.  -I/usr/local/opt/libyaml/include -I/usr/local/opt/openssl@1.1/include -I/usr/local/opt/readline/include -D_XOPEN_SOURCE -D_DARWIN_C_SOURCE -D_DARWIN_UNLIMITED_SELECT -D_REENTRANT   -Wno-implicit-function-declaration conftest.c  -L. -L/usr/local/Cellar/ruby/3.0.3/lib -L/usr/local/opt/libyaml/lib -L/usr/local/opt/openssl@1.1/lib -L/usr/local/opt/readline/lib -L. -fstack-protector-strong -L/usr/local/lib -L/usr/local/opt/libyaml/lib -L/usr/local/opt/openssl@1.1/lib -L/usr/local/opt/readline/lib     -lruby.3.0   "
checked program was:
/* begin */
 1: #include "ruby.h"
 2: 
 3: /*top*/
 4: extern int t(void);
 5: int main(int argc, char **argv)
 6: {
 7:   if (argc > 1000000) {
 8:     int (* volatile tp)(void)=(int (*)(void))&t;
 9:     printf("%d", (*tp)());
10:   }
11: 
12:   return !!argv[argc];
13: }
14: extern void rb_thread_call_without_gvl();
15: int t(void) { rb_thread_call_without_gvl(); return 0; }
/* end */

--------------------

have_func: checking for ffi_prep_cif_var()... -------------------- no

"clang -fdeclspec -o conftest -I/usr/local/Cellar/ruby/3.0.3/include/ruby-3.0.0/x86_64-darwin20 -I/usr/local/Cellar/ruby/3.0.3/include/ruby-3.0.0/ruby/backward -I/usr/local/Cellar/ruby/3.0.3/include/ruby-3.0.0 -I.  -I/usr/local/opt/libyaml/include -I/usr/local/opt/openssl@1.1/include -I/usr/local/opt/readline/include -D_XOPEN_SOURCE -D_DARWIN_C_SOURCE -D_DARWIN_UNLIMITED_SELECT -D_REENTRANT   -Wno-implicit-function-declaration conftest.c  -L. -L/usr/local/Cellar/ruby/3.0.3/lib -L/usr/local/opt/libyaml/lib -L/usr/local/opt/openssl@1.1/lib -L/usr/local/opt/readline/lib -L. -fstack-protector-strong -L/usr/local/lib -L/usr/local/opt/libyaml/lib -L/usr/local/opt/openssl@1.1/lib -L/usr/local/opt/readline/lib     -lruby.3.0   "
conftest.c:14:57: error: use of undeclared identifier 'ffi_prep_cif_var'
int t(void) { void ((*volatile p)()); p = (void ((*)()))ffi_prep_cif_var; return !p; }
                                                        ^
1 error generated.
checked program was:
/* begin */
 1: #include "ruby.h"
 2: 
 3: /*top*/
 4: extern int t(void);
 5: int main(int argc, char **argv)
 6: {
 7:   if (argc > 1000000) {
 8:     int (* volatile tp)(void)=(int (*)(void))&t;
 9:     printf("%d", (*tp)());
10:   }
11: 
12:   return !!argv[argc];
13: }
14: int t(void) { void ((*volatile p)()); p = (void ((*)()))ffi_prep_cif_var; return !p; }
/* end */

"clang -fdeclspec -o conftest -I/usr/local/Cellar/ruby/3.0.3/include/ruby-3.0.0/x86_64-darwin20 -I/usr/local/Cellar/ruby/3.0.3/include/ruby-3.0.0/ruby/backward -I/usr/local/Cellar/ruby/3.0.3/include/ruby-3.0.0 -I.  -I/usr/local/opt/libyaml/include -I/usr/local/opt/openssl@1.1/include -I/usr/local/opt/readline/include -D_XOPEN_SOURCE -D_DARWIN_C_SOURCE -D_DARWIN_UNLIMITED_SELECT -D_REENTRANT   -Wno-implicit-function-declaration conftest.c  -L. -L/usr/local/Cellar/ruby/3.0.3/lib -L/usr/local/opt/libyaml/lib -L/usr/local/opt/openssl@1.1/lib -L/usr/local/opt/readline/lib -L. -fstack-protector-strong -L/usr/local/lib -L/usr/local/opt/libyaml/lib -L/usr/local/opt/openssl@1.1/lib -L/usr/local/opt/readline/lib     -lruby.3.0   "
Undefined symbols for architecture x86_64:
  "_ffi_prep_cif_var", referenced from:
      _t in conftest-b8c0d6.o
ld: symbol(s) not found for architecture x86_64
clang: error: linker command failed with exit code 1 (use -v to see invocation)
checked program was:
/* begin */
 1: #include "ruby.h"
 2: 
 3: /*top*/
 4: extern int t(void);
 5: int main(int argc, char **argv)
 6: {
 7:   if (argc > 1000000) {
 8:     int (* volatile tp)(void)=(int (*)(void))&t;
 9:     printf("%d", (*tp)());
10:   }
11: 
12:   return !!argv[argc];
13: }
14: extern void ffi_prep_cif_var();
15: int t(void) { ffi_prep_cif_var(); return 0; }
/* end */

--------------------

extconf.h is:
/* begin */
1: #ifndef EXTCONF_H
2: #define EXTCONF_H
3: #define HAVE_RB_THREAD_CALL_WITH_GVL 1
4: #define HAVE_RB_THREAD_CALL_WITHOUT_GVL 1
5: #define USE_INTERNAL_LIBFFI 1
6: #define RUBY_1_9 1
7: #endif
/* end */

